// Jest Snapshot v1, https://goo.gl/fbAQLP

exports[`scenes/Weather/Weather Should render the widget 1`] = `
<div>
  <styled.div>
    <Icon
      type="rain"
    />
    <div>
      6
      Â°
    </div>
  </styled.div>
  <styled.div>
    <span>
      Limoges
    </span>
    <span>
      <TiWeatherWindy />
       
      7.2
       km/h
    </span>
    <span>
      <TiThermometer />
       
      <styled.span>
        6
      </styled.span>
       
      -
       
      6
    </span>
  </styled.div>
</div>
`;
