// Jest Snapshot v1, https://goo.gl/fbAQLP

exports[`scenes/Lists/NewList Should render correctly 1`] = `
<styled.form
  onSubmit={[Function]}
>
  <styled.input
    onChange={[Function]}
    placeholder="Add a new list"
    value="my new list!"
  />
</styled.form>
`;
