// Jest Snapshot v1, https://goo.gl/fbAQLP

exports[`ui/Loader Should render 1`] = `
.c1 {
  margin: 20px auto;
  width: 40px;
  height: 40px;
  position: relative;
  -webkit-transform: rotateZ(45deg);
  -ms-transform: rotateZ(45deg);
  transform: rotateZ(45deg);
}

.c2 {
  float: left;
  width: 50%;
  height: 50%;
  position: relative;
  -webkit-transform: scale(1.1);
  -ms-transform: scale(1.1);
  transform: scale(1.1);
}

.c2::before {
  content: '';
  position: absolute;
  top: 0;
  left: 0;
  width: 100%;
  height: 100%;
  background-color: rgba(255,255,255,.45);
  -webkit-animation: jiwbnC 2.4s infinite linear both;
  animation: jiwbnC 2.4s infinite linear both;
  -webkit-transform-origin: 100% 100%;
  -ms-transform-origin: 100% 100%;
  transform-origin: 100% 100%;
}

.c3 {
  float: left;
  width: 50%;
  height: 50%;
  position: relative;
  -webkit-transform: scale(1.1);
  -ms-transform: scale(1.1);
  transform: scale(1.1);
  -webkit-transform: scale(1.1) rotateZ(90deg);
  -ms-transform: scale(1.1) rotateZ(90deg);
  transform: scale(1.1) rotateZ(90deg);
}

.c3::before {
  content: '';
  position: absolute;
  top: 0;
  left: 0;
  width: 100%;
  height: 100%;
  background-color: rgba(255,255,255,.45);
  -webkit-animation: jiwbnC 2.4s infinite linear both;
  animation: jiwbnC 2.4s infinite linear both;
  -webkit-transform-origin: 100% 100%;
  -ms-transform-origin: 100% 100%;
  transform-origin: 100% 100%;
}

.c3::before {
  -webkit-animation-delay: 0.3s;
  animation-delay: 0.3s;
}

.c4 {
  float: left;
  width: 50%;
  height: 50%;
  position: relative;
  -webkit-transform: scale(1.1);
  -ms-transform: scale(1.1);
  transform: scale(1.1);
  -webkit-transform: scale(1.1) rotateZ(270deg);
  -ms-transform: scale(1.1) rotateZ(270deg);
  transform: scale(1.1) rotateZ(270deg);
}

.c4::before {
  content: '';
  position: absolute;
  top: 0;
  left: 0;
  width: 100%;
  height: 100%;
  background-color: rgba(255,255,255,.45);
  -webkit-animation: jiwbnC 2.4s infinite linear both;
  animation: jiwbnC 2.4s infinite linear both;
  -webkit-transform-origin: 100% 100%;
  -ms-transform-origin: 100% 100%;
  transform-origin: 100% 100%;
}

.c4::before {
  -webkit-animation-delay: 0.9s;
  animation-delay: 0.9s;
}

.c5 {
  float: left;
  width: 50%;
  height: 50%;
  position: relative;
  -webkit-transform: scale(1.1);
  -ms-transform: scale(1.1);
  transform: scale(1.1);
  -webkit-transform: scale(1.1) rotateZ(180deg);
  -ms-transform: scale(1.1) rotateZ(180deg);
  transform: scale(1.1) rotateZ(180deg);
}

.c5::before {
  content: '';
  position: absolute;
  top: 0;
  left: 0;
  width: 100%;
  height: 100%;
  background-color: rgba(255,255,255,.45);
  -webkit-animation: jiwbnC 2.4s infinite linear both;
  animation: jiwbnC 2.4s infinite linear both;
  -webkit-transform-origin: 100% 100%;
  -ms-transform-origin: 100% 100%;
  transform-origin: 100% 100%;
}

.c5::before {
  -webkit-animation-delay: 0.6s;
  animation-delay: 0.6s;
}

.c0 {
  display: -webkit-box;
  display: -webkit-flex;
  display: -ms-flexbox;
  display: flex;
  -webkit-align-items: center;
  -webkit-box-align: center;
  -ms-flex-align: center;
  align-items: center;
  height: 100%;
}

<div
  className="c0"
>
  <div
    className="c1"
  >
    <div
      className="c2"
    />
    <div
      className="c3"
    />
    <div
      className="c4"
    />
    <div
      className="c5"
    />
  </div>
</div>
`;
